<html>
<body>
<pre>
<h1>礦ision Build Log</h1>
<h2>Tool Versions:</h2>
IDE-Version: μVision V5.14.0.0
Copyright (C) 2015 ARM Ltd and ARM Germany GmbH. All rights reserved.
License Information: 1 000, 1, LIC=WHYH9-4BRMG-TGF7T-RDQK7-2NW0M-2AA95
 
Tool Versions:
Toolchain:       MDK-ARM Standard  Version: 5.14.0.0
Toolchain Path:  C:\Keil_v5\ARM\ARMCC\Bin
C Compiler:      Armcc.exe V5.05 update 1 (build 106)
Assembler:       Armasm.exe V5.05 update 1 (build 106)
Linker/Locator:  ArmLink.exe V5.05 update 1 (build 106)
Library Manager: ArmAr.exe V5.05 update 1 (build 106)
Hex Converter:   FromElf.exe V5.05 update 1 (build 106)
CPU DLL:         SARMCM3.DLL V5.14.0.0
Dialog DLL:      DCM.DLL V1.13.1.0
Target DLL:      STLink\ST-LINKIII-KEIL_SWO.dll V2.0.14.0_KEIL
Dialog DLL:      TCM.DLL V1.14.4.0
 
<h2>Project:</h2>
C:\Users\000\Desktop\电机项目\2020-09步进电机控制V2.2\Project\project.uvprojx
Project File Date:  09/04/2020

<h2>Output:</h2>
Build target 'Target 1'
compiling main.c...
compiling timer.c...
compiling led.c...
compiling key.c...
compiling exti.c...
compiling laser.c...
compiling oled_display.c...
compiling wdg.c...
compiling delay.c...
compiling sys.c...
compiling usart.c...
compiling misc.c...
compiling stm32f10x_dma.c...
compiling stm32f10x_exti.c...
compiling stm32f10x_gpio.c...
compiling stm32f10x_i2c.c...
compiling stm32f10x_iwdg.c...
compiling stm32f10x_rcc.c...
compiling stm32f10x_tim.c...
compiling stm32f10x_usart.c...
compiling stm32f10x_wwdg.c...
assembling startup_stm32f10x_hd.s...
compiling system_stm32f10x.c...
linking...
Program Size: Code=8324 RO-data=2480 RW-data=64 ZI-data=2064  
FromELF: creating hex file...
"..\Output\project.axf" - 0 Error(s), 0 Warning(s).

<h2>Software Packages used:</h2>

Package Vendor: ARM
                http://www.keil.com/pack/ARM.CMSIS.4.2.0.pack
                ARM::CMSIS:CORE:3.40.0
                CMSIS (Cortex Microcontroller Software Interface Standard)
   * Component: CORE Version: 3.40.0

Package Vendor: Keil
                http://www.keil.com/pack/Keil.STM32F1xx_DFP.2.2.0.pack
                Keil::Device:Startup:1.0.0
                STMicroelectronics STM32F1 Series Device Support, Drivers and Examples
   * Component: Startup Version: 1.0.0
   * Component: Framework Version: 3.5.1
   * Component: DMA Version: 3.5.0
   * Component: EXTI Version: 3.5.0
   * Component: RCC Version: 3.5.0
   * Component: I2C Version: 3.5.0
   * Component: IWDG Version: 3.5.0
   * Component: TIM Version: 3.5.0
   * Component: USART Version: 3.5.0
   * Component: WWDG Version: 3.5.0
   * Component: GPIO Version: 3.5.0

<h2>Collection of Component include folders:</h2>
  C:\Users\000\Desktop\电机项目\2020-09步进电机控制V2.2\Project\RTE
  C:\Users\000\Desktop\电机项目\2020-09步进电机控制V2.2\Project\RTE\Device\STM32F103RC
  C:\Keil_v5\ARM\PACK\ARM\CMSIS\4.2.0\CMSIS\Include
  C:\Keil_v5\ARM\PACK\Keil\STM32F1xx_DFP\2.2.0
  C:\Keil_v5\ARM\PACK\Keil\STM32F1xx_DFP\2.2.0\Device\Include
  C:\Keil_v5\ARM\PACK\Keil\STM32F1xx_DFP\2.2.0\Device\StdPeriph_Driver\inc

<h2>Collection of Component Files used:</h2>

   * Component: ARM::CMSIS:CORE:3.40.0
      Source file:   CMSIS\UserCodeTemplates\ARM\ITM_Retarget.c

   * Component: Keil::Device:Startup:1.0.0
      Include file:  RTE_Driver\Config\RTE_Device.h
      Source file:   Device\Source\ARM\STM32F1xx_OPT.s
      Source file:   Device\Source\ARM\startup_stm32f10x_hd.s
      Source file:   Device\Source\system_stm32f10x.c

   * Component: Keil::Device:StdPeriph Drivers:Framework:3.5.1
      Include file:  Device\StdPeriph_Driver\inc\misc.h
      Source file:   Device\StdPeriph_Driver\templates\stm32f10x_conf.h
      Source file:   Device\StdPeriph_Driver\src\misc.c
      Source file:   Device\StdPeriph_Driver\templates\stm32f10x_it.c
      Include file:  Device\StdPeriph_Driver\templates\stm32f10x_it.h

   * Component: Keil::Device:StdPeriph Drivers:DMA:3.5.0
      Source file:   Device\StdPeriph_Driver\src\stm32f10x_dma.c
      Include file:  Device\StdPeriph_Driver\inc\stm32f10x_dma.h

   * Component: Keil::Device:StdPeriph Drivers:EXTI:3.5.0
      Include file:  Device\StdPeriph_Driver\inc\stm32f10x_exti.h
      Source file:   Device\StdPeriph_Driver\src\stm32f10x_exti.c

   * Component: Keil::Device:StdPeriph Drivers:RCC:3.5.0
      Include file:  Device\StdPeriph_Driver\inc\stm32f10x_rcc.h
      Source file:   Device\StdPeriph_Driver\src\stm32f10x_rcc.c

   * Component: Keil::Device:StdPeriph Drivers:I2C:3.5.0
      Source file:   Device\StdPeriph_Driver\src\stm32f10x_i2c.c
      Include file:  Device\StdPeriph_Driver\inc\stm32f10x_i2c.h

   * Component: Keil::Device:StdPeriph Drivers:IWDG:3.5.0
      Include file:  Device\StdPeriph_Driver\inc\stm32f10x_iwdg.h
      Source file:   Device\StdPeriph_Driver\src\stm32f10x_iwdg.c

   * Component: Keil::Device:StdPeriph Drivers:TIM:3.5.0
      Include file:  Device\StdPeriph_Driver\inc\stm32f10x_tim.h
      Source file:   Device\StdPeriph_Driver\src\stm32f10x_tim.c

   * Component: Keil::Device:StdPeriph Drivers:USART:3.5.0
      Source file:   Device\StdPeriph_Driver\src\stm32f10x_usart.c
      Include file:  Device\StdPeriph_Driver\inc\stm32f10x_usart.h

   * Component: Keil::Device:StdPeriph Drivers:WWDG:3.5.0
      Source file:   Device\StdPeriph_Driver\src\stm32f10x_wwdg.c
      Include file:  Device\StdPeriph_Driver\inc\stm32f10x_wwdg.h

   * Component: Keil::Device:StdPeriph Drivers:GPIO:3.5.0
      Include file:  Device\StdPeriph_Driver\inc\stm32f10x_gpio.h
      Source file:   Device\StdPeriph_Driver\src\stm32f10x_gpio.c
</pre>
</body>
</html>
